* This is pymerk v0.2.0
* Starting workflow with 10 conformers
* Workdir: /home/users/p/b/pbeaujea/workdir/screening/Ca2_BH4_4_2

*************************
* Stage: 1_prescreening *
*************************

* Filtering on g* (threshold: 0.006374 a.u.)
* Setup Summary:
  - Components: elec=MAIN, gsolv=AUX, gtrv=NONE
  - Main driver: OrcaDriver[pbe d3/def2-SV(P)]
  - Aux driver:  XtbDriver[gfn2,gbsa(thf)]
> Conformer #1: -1927.42286718 a.u.
> Conformer #2: -1927.42194916 a.u.
> Conformer #3: -1927.42114770 a.u.
> Conformer #4: -1927.41936937 a.u.
> Conformer #5: -1927.42054596 a.u.
> Conformer #6: -1927.42224841 a.u.
> Conformer #7: -1927.42316123 a.u.
> Conformer #8: -1927.42283665 a.u.
> Conformer #9: -1927.42019395 a.u.
> Conformer #10: -1927.41575667 a.u.

* Final values:
                      g*           Δg*     
Conformer #1    -1927.42286718   0.00029405 *
Conformer #2    -1927.42194916   0.00121207 *
Conformer #3    -1927.42114770   0.00201353 *
Conformer #4    -1927.41936937   0.00379186 *
Conformer #5    -1927.42054596   0.00261527 *
Conformer #6    -1927.42224841   0.00091282 *
Conformer #7    -1927.42316123   0.00000000 *
Conformer #8    -1927.42283665   0.00032458 *
Conformer #9    -1927.42019395   0.00296728 *
Conformer #10   -1927.41575667   0.00740456 

* Done, retained 9 conformer(s)

* RMSD matrix (Å) for 9 structures:
                ..r #1 ..r #2 ..r #3 ..r #4 ..r #5 ..r #6 ..r #7 ..r #8 ..r #9
Conformer #1     0.000
Conformer #2     0.596  0.000
Conformer #3     1.094  1.233  0.000
Conformer #4     1.330  1.183  0.618  0.000
Conformer #5     1.360  1.474  0.349  0.643  0.000
Conformer #6     1.732  1.830  2.067  2.190  2.210  0.000
Conformer #7     1.649  1.751  1.996  2.125  2.143  0.599  0.000
Conformer #8     1.759  1.657  2.081  2.038  2.216  0.862  0.613  0.000
Conformer #9     1.720  1.820  2.093  2.220  2.241  0.205  0.655  0.925  0.000

**********************
* Stage: 2_screening *
**********************

* Filtering on G* (threshold: 0.005578 a.u.)
* Setup Summary:
  - Components: elec=MAIN, gsolv=MAIN, gtrv=AUX
  - Main driver: OrcaDriver[r2scan-3c/def2-mTZVPP,smd(tetrahydrofuran)]
  - Aux driver:  XtbDriver[gfn2,gbsa(thf)]
> Conformer #1: -1928.71277290 a.u.
> Conformer #2: -1928.71196180 a.u.
> Conformer #3: -1928.71107063 a.u.
> Conformer #4: -1928.70966056 a.u.
> Conformer #5: -1928.70985831 a.u.
> Conformer #6: -1928.71287656 a.u.
> Conformer #7: -1928.71293554 a.u.
> Conformer #8: -1928.71268879 a.u.
> Conformer #9: -1928.71156268 a.u.

* Final values:
                      G*           ΔG*     
Conformer #1    -1928.71277290   0.00016264 *
Conformer #2    -1928.71196180   0.00097374 *
Conformer #3    -1928.71107063   0.00186490 *
Conformer #4    -1928.70966056   0.00327498 *
Conformer #5    -1928.70985831   0.00307722 *
Conformer #6    -1928.71287656   0.00005897 *
Conformer #7    -1928.71293554   0.00000000 *
Conformer #8    -1928.71268879   0.00024674 *
Conformer #9    -1928.71156268   0.00137286 *

* Done, retained 9 conformer(s)

* RMSD matrix (Å) for 9 structures:
                ..r #1 ..r #2 ..r #3 ..r #4 ..r #5 ..r #6 ..r #7 ..r #8 ..r #9
Conformer #1     0.000
Conformer #2     0.596  0.000
Conformer #3     1.094  1.233  0.000
Conformer #4     1.330  1.183  0.618  0.000
Conformer #5     1.360  1.474  0.349  0.643  0.000
Conformer #6     1.732  1.830  2.067  2.190  2.210  0.000
Conformer #7     1.649  1.751  1.996  2.125  2.143  0.599  0.000
Conformer #8     1.759  1.657  2.081  2.038  2.216  0.862  0.613  0.000
Conformer #9     1.720  1.820  2.093  2.220  2.241  0.205  0.655  0.925  0.000

*********************
* Stage: 3_optimize *
*********************

* Macro-Optimization on G* (threshold: 0.004781 a.u.)
* Setup Summary:
  - Components: elec=MAIN, gsolv=MAIN, gtrv=AUX
  - Main driver: OrcaDriver[r2scan-3c/def2-mTZVPP,smd(tetrahydrofuran)]
  - Aux driver:  XtbDriver[gfn2,gbsa(thf)]

> Macrocycle 1
  - Otimizing Conformer #1... E=-1928.75536363, grad=0.016778 [NOT CONVERGED]
  - Otimizing Conformer #2... E=-1928.75528737, grad=0.016667 [NOT CONVERGED]
  - Otimizing Conformer #3... E=-1928.75557766, grad=0.018177 [NOT CONVERGED]
  - Otimizing Conformer #4... E=-1928.75529503, grad=0.017722 [NOT CONVERGED]
  - Otimizing Conformer #5... E=-1928.75460712, grad=0.017388 [NOT CONVERGED]
  - Otimizing Conformer #6... E=-1928.75565330, grad=0.017574 [NOT CONVERGED]
  - Otimizing Conformer #7... E=-1928.75555709, grad=0.017240 [NOT CONVERGED]
  - Otimizing Conformer #8... E=-1928.75511838, grad=0.017279 [NOT CONVERGED]
  - Otimizing Conformer #9... E=-1928.75582789, grad=0.017669 [NOT CONVERGED]
→ retained 9 conformer(s)

> Macrocycle 2
  - Otimizing Conformer #1... E=-1928.76167160, grad=0.010644 [NOT CONVERGED]
  - Otimizing Conformer #2... E=-1928.76171559, grad=0.010655 [NOT CONVERGED]
  - Otimizing Conformer #3... E=-1928.76246060, grad=0.011914 [NOT CONVERGED]
  - Otimizing Conformer #4... E=-1928.76198450, grad=0.010643 [NOT CONVERGED]
  - Otimizing Conformer #5... E=-1928.76189526, grad=0.015143 [NOT CONVERGED]
  - Otimizing Conformer #6... E=-1928.76190014, grad=0.011203 [NOT CONVERGED]
  - Otimizing Conformer #7... E=-1928.76205977, grad=0.011957 [NOT CONVERGED]
  - Otimizing Conformer #8... E=-1928.76156499, grad=0.013854 [NOT CONVERGED]
  - Otimizing Conformer #9... E=-1928.76141689, grad=0.009321 [NOT CONVERGED]
→ retained 9 conformer(s)

> Macrocycle 3
  - Otimizing Conformer #1... E=-1928.76405211, grad=0.010717 [NOT CONVERGED]
  - Otimizing Conformer #2... E=-1928.76385348, grad=0.010217 [NOT CONVERGED]
  - Otimizing Conformer #3... E=-1928.76441173, grad=0.012680 [NOT CONVERGED]
  - Otimizing Conformer #4... E=-1928.76404493, grad=0.010248 [NOT CONVERGED]
  - Otimizing Conformer #5... E=-1928.76504836, grad=0.011787 [NOT CONVERGED]
  - Otimizing Conformer #6... E=-1928.76458283, grad=0.011243 [NOT CONVERGED]
  - Otimizing Conformer #7... E=-1928.76489096, grad=0.011446 [NOT CONVERGED]
  - Otimizing Conformer #8... E=-1928.76475697, grad=0.012554 [NOT CONVERGED]
  - Otimizing Conformer #9... E=-1928.76361376, grad=0.010044 [NOT CONVERGED]
→ retained 9 conformer(s)

> Macrocycle 4
  - Otimizing Conformer #1... E=-1928.76760268, grad=0.018755 [NOT CONVERGED]
  - Otimizing Conformer #2... E=-1928.76647158, grad=0.012692 [NOT CONVERGED]
  - Otimizing Conformer #3... E=-1928.76891339, grad=0.012792 [NOT CONVERGED]
  - Otimizing Conformer #4... E=-1928.76835583, grad=0.020498 [NOT CONVERGED]
  - Otimizing Conformer #5... E=-1928.77109249, grad=0.018356 [NOT CONVERGED]
  - Otimizing Conformer #6... E=-1928.76852407, grad=0.017054 [NOT CONVERGED]
  - Otimizing Conformer #7... E=-1928.76920200, grad=0.016879 [NOT CONVERGED]
  - Otimizing Conformer #8... E=-1928.76909679, grad=0.015138 [NOT CONVERGED]
  - Otimizing Conformer #9... E=-1928.76701736, grad=0.012569 [NOT CONVERGED]
→ retained 9 conformer(s)

> Macrocycle 5
  - Otimizing Conformer #1... E=-1928.77637978, grad=0.012541 [NOT CONVERGED]
  - Otimizing Conformer #2... E=-1928.77734405, grad=0.028967 [NOT CONVERGED]
  - Otimizing Conformer #3... E=-1928.77671351, grad=0.012721 [NOT CONVERGED]
  - Otimizing Conformer #4... E=-1928.77759167, grad=0.012814 [NOT CONVERGED]
  - Otimizing Conformer #5... E=-1928.77823225, grad=0.008617 [NOT CONVERGED]
  - Otimizing Conformer #6... E=-1928.77513894, grad=0.011849 [NOT CONVERGED]
  - Otimizing Conformer #7... E=-1928.77430252, grad=0.006051 [NOT CONVERGED]
  - Otimizing Conformer #8... E=-1928.77510704, grad=0.025761 [NOT CONVERGED]
  - Otimizing Conformer #9... E=-1928.77264281, grad=0.007289 [NOT CONVERGED]
→ retained 8 conformer(s)

> Macrocycle 6
  - Otimizing Conformer #1... E=-1928.77904987, grad=0.009873 [NOT CONVERGED]
  - Otimizing Conformer #2... E=-1928.78067188, grad=0.008324 [NOT CONVERGED]
  - Otimizing Conformer #3... E=-1928.77823686, grad=0.005451 [NOT CONVERGED]
  - Otimizing Conformer #4... E=-1928.77762510, grad=0.003730 [NOT CONVERGED]
  - Otimizing Conformer #5... E=-1928.77864813, grad=0.005588 [NOT CONVERGED]
  - Otimizing Conformer #6... E=-1928.77745176, grad=0.007264 [NOT CONVERGED]
  - Otimizing Conformer #7... E=-1928.77690560, grad=0.006911 [NOT CONVERGED]
  - Otimizing Conformer #8... E=-1928.77846426, grad=0.007071 [NOT CONVERGED]
→ retained 8 conformer(s)

> Macrocycle 7
  - Otimizing Conformer #1... E=-1928.78110177, grad=0.006561 [NOT CONVERGED]
  - Otimizing Conformer #2... E=-1928.77986578, grad=0.008324 [CONVERGED]
  - Otimizing Conformer #3... E=-1928.77832963, grad=0.005451 [CONVERGED]
  - Otimizing Conformer #4... E=-1928.77701993, grad=0.003729 [CONVERGED]
  - Otimizing Conformer #5... E=-1928.77871314, grad=0.005594 [CONVERGED]
  - Otimizing Conformer #6... E=-1928.78037832, grad=0.010861 [NOT CONVERGED]
  - Otimizing Conformer #7... E=-1928.77955481, grad=0.013497 [NOT CONVERGED]
  - Otimizing Conformer #8... E=-1928.78168112, grad=0.010918 [NOT CONVERGED]
→ retained 8 conformer(s)

> Macrocycle 8
  - Otimizing Conformer #1... E=-1928.78114180, grad=0.006562 [CONVERGED]
  - Otimizing Conformer #6... E=-1928.78280026, grad=0.006219 [NOT CONVERGED]
  - Otimizing Conformer #7... E=-1928.78314024, grad=0.005904 [NOT CONVERGED]
  - Otimizing Conformer #8... E=-1928.78356482, grad=0.005582 [NOT CONVERGED]
→ retained 5 conformer(s)

> Macrocycle 9
  - Otimizing Conformer #6... E=-1928.78401715, grad=0.004664 [NOT CONVERGED]
  - Otimizing Conformer #7... E=-1928.78320783, grad=0.005906 [CONVERGED]
  - Otimizing Conformer #8... E=-1928.78435731, grad=0.006429 [NOT CONVERGED]
→ retained 5 conformer(s)

> Macrocycle 10
  - Otimizing Conformer #6... E=-1928.78410082, grad=0.004665 [CONVERGED]
  - Otimizing Conformer #8... E=-1928.78425622, grad=0.003202 [NOT CONVERGED]
→ retained 5 conformer(s)

> Macrocycle 11
  - Otimizing Conformer #8... E=-1928.78427769, grad=0.003202 [CONVERGED]
→ retained 5 conformer(s)

* Final values:
                      G*           ΔG*     
Conformer #1    -1928.78114180   0.00313589 *
Conformer #2    -1928.77986578   0.00441191 *
Conformer #3    -1928.77832963   0.00594806 
Conformer #4    -1928.77701993   0.00725776 
Conformer #5    -1928.77871314   0.00556455 
Conformer #6    -1928.78410082   0.00017687 *
Conformer #7    -1928.78320783   0.00106986 *
Conformer #8    -1928.78427769   0.00000000 *
Conformer #9    -1928.77264281   0.01163488 

* Done, retained 5 conformer(s)

* RMSD matrix (Å) for 5 structures:
                ..r #1 ..r #2 ..r #6 ..r #7 ..r #8
Conformer #1     0.000
Conformer #2     0.589  0.000
Conformer #6     1.733  1.842  0.000
Conformer #7     1.691  1.804  0.584  0.000
Conformer #8     1.808  1.740  0.872  0.653  0.000

***********************
* Stage: 4_refinement *
***********************

* Boltzmann population filtering on ΔG* (threshold: 0.950)
* Setup Summary:
  - Components:  elec=MAIN, gsolv=MAIN, gtrv=AUX
  - Main driver: OrcaDriver[wb97x-d3/def2-TZVP,smd(tetrahydrofuran)]
  - Aux driver:  XtbDriver[gfn2,gbsa(thf)]
> Conformer #1: -1929.13512913 a.u.
> Conformer #2: -1929.13399777 a.u.
> Conformer #6: -1929.13890344 a.u.
> Conformer #7: -1929.13792082 a.u.
> Conformer #8: -1929.13870811 a.u.

* Final Boltzmann population:
                      G*           ΔG*       Pop %  
Conformer #1    -1929.13512913   0.00377431    0.8 
Conformer #2    -1929.13399777   0.00490567    0.3 
Conformer #6    -1929.13890344   0.00000000   45.7 *
Conformer #7    -1929.13792082   0.00098262   16.1 *
Conformer #8    -1929.13870811   0.00019532   37.1 *
* Done, retained 3 conformer(s)
